============================= test session starts =============================
platform win32 -- Python 3.9.13, pytest-8.4.2, pluggy-1.6.0 -- D:\Program Files (x86)\Microsoft Visual Studio\Shared\Python39_64\python.exe
cachedir: .pytest_cache
rootdir: G:\Antigravity Projects\Imza_Gayrimenkul
plugins: anyio-4.12.1, flask-1.3.0
collecting ... collected 3 items

tests/test_auth.py::test_login_success Initializing database at: C:\Users\Selim\AppData\Local\Temp\tmp_1goykfx
Veritaban² ve tablolar ba■ar²yla olu■turuldu.
DEBUG: Seeding database at: C:\Users\Selim\AppData\Local\Temp\tmp_1goykfx
Írnek portf÷y verileri ekleniyor...
Example data seeded successfully.
PASSED
tests/test_auth.py::test_login_invalid_credentials Initializing database at: C:\Users\Selim\AppData\Local\Temp\tmpikto_xrh
Veritaban² ve tablolar ba■ar²yla olu■turuldu.
DEBUG: Seeding database at: C:\Users\Selim\AppData\Local\Temp\tmpikto_xrh
Írnek portf÷y verileri ekleniyor...
Example data seeded successfully.
PASSED
tests/test_auth.py::test_protected_route_no_token Initializing database at: C:\Users\Selim\AppData\Local\Temp\tmp1_cb5lsy
Veritaban² ve tablolar ba■ar²yla olu■turuldu.
DEBUG: Seeding database at: C:\Users\Selim\AppData\Local\Temp\tmp1_cb5lsy
Írnek portf÷y verileri ekleniyor...
Example data seeded successfully.
PASSED

============================== warnings summary ===============================
tests/test_auth.py::test_login_success
  C:\Users\Selim\AppData\Roaming\Python\Python39\site-packages\google\api_core\_python_version_support.py:246: FutureWarning: You are using a non-supported Python version (3.9.13). Google will not post any further updates to google.api_core supporting this Python version. Please upgrade to the latest Python version, or at least Python 3.10, and then update google.api_core.
    warnings.warn(message, FutureWarning)

tests/test_auth.py::test_login_success
  C:\Users\Selim\AppData\Roaming\Python\Python39\site-packages\google\auth\__init__.py:54: FutureWarning: You are using a Python version 3.9 past its end of life. Google will update google-auth with critical bug fixes on a best-effort basis, but not with any other fixes or features. Please upgrade your Python version, and then update google-auth.
    warnings.warn(eol_message.format("3.9"), FutureWarning)

tests/test_auth.py::test_login_success
  C:\Users\Selim\AppData\Roaming\Python\Python39\site-packages\google\oauth2\__init__.py:40: FutureWarning: You are using a Python version 3.9 past its end of life. Google will update google-auth with critical bug fixes on a best-effort basis, but not with any other fixes or features. Please upgrade your Python version, and then update google-auth.
    warnings.warn(eol_message.format("3.9"), FutureWarning)

tests/test_auth.py::test_login_success
  G:\Antigravity Projects\Imza_Gayrimenkul\api\ai.py:4: FutureWarning: 
  
  All support for the `google.generativeai` package has ended. It will no longer be receiving 
  updates or bug fixes. Please switch to the `google.genai` package as soon as possible.
  See README for more details:
  
  https://github.com/google-gemini/deprecated-generative-ai-python/blob/main/README.md
  
    import google.generativeai as genai

-- Docs: https://docs.pytest.org/en/stable/how-to/capture-warnings.html
======================== 3 passed, 4 warnings in 5.90s ========================
